Nadpisane
Dodane
Dodane
Dodane
Dodane
Dośdane
Żółć
